// Jest Snapshot v1, https://goo.gl/fbAQLP

exports[`getUser Saga should return error if username is empty 1`] = `
Object {
  "@@redux-saga/IO": true,
  "combinator": false,
  "payload": Object {
    "args": Array [],
    "selector": [Function],
  },
  "type": "SELECT",
}
`;

exports[`getUser Saga should return error if username is empty 2`] = `
Object {
  "@@redux-saga/IO": true,
  "combinator": false,
  "payload": Object {
    "args": Array [],
    "selector": [Function],
  },
  "type": "SELECT",
}
`;
